// Jest Snapshot v1, https://goo.gl/fbAQLP

exports[`Pruebas <NotesScreen /> debe de mostrar correctamente 1`] = `
<div
  className="notes_main-content"
>
  <div
    className="notes_appbar"
  >
    <span>
      28 de agosto de 2020
    </span>
    <input
      id="fileSelector"
      onChange={[Function]}
      style={
        Object {
          "display": "none",
        }
      }
      type="file"
    />
    <div>
      <button
        className="btn"
        onClick={[Function]}
      >
        Picture
      </button>
      <button
        className="btn"
        onClick={[Function]}
      >
        Save
      </button>
    </div>
  </div>
  <div
    className="notes_content"
  >
    <input
      autoComplete="off"
      className="notes_title-input"
      name="title"
      onChange={[Function]}
      placeholder="Some awesome title"
      type="text"
      value="Hola"
    />
    <textarea
      className="notes_textarea"
      name="body"
      onChange={[Function]}
      placeholder="What happened today"
      value="Mundo"
    />
  </div>
  <button
    className="btn btn-danger"
    onClick={[Function]}
  >
    Delete
  </button>
</div>
`;
